// Jest Snapshot v1, https://goo.gl/fbAQLP

exports[`renders the CreatAuctionForm correctly 1`] = `
<div
  className="create-auction-form"
>
  <form
    className="create-auction-container"
  >
    <div
      className="create-auction-col"
    >
      <label
        className="form-label"
      >
        Auctions date
      </label>
      <input
        className="form-control"
        type="date"
      />
      <label
        className="form-label"
      >
        Issue date
      </label>
      <input
        className="form-control"
        type="date"
      />
      <label
        className="form-label"
      >
        Maturity date
      </label>
      <input
        className="form-control"
        type="date"
      />
      <label
        className="form-label"
      >
        Non-competitive bid closing date
      </label>
      <input
        className="form-control"
        type="date"
      />
      <label
        className="form-label"
      >
        Competitive bid closing date
      </label>
      <input
        className="form-control"
        type="date"
      />
    </div>
    <div
      className="create-auction-col"
    >
      <label
        className="form-label"
      >
        Amount offered
      </label>
      <input
        className="form-control"
        type="text"
      />
      <label
        className="form-label"
      >
        Rate
      </label>
      <input
        className="form-control"
        type="text"
      />
      <label
        className="form-label"
      >
        Yield
      </label>
      <input
        className="form-control"
        type="text"
      />
      <label
        className="form-label"
      >
        Discount margin
      </label>
      <input
        className="form-control"
        type="text"
      />
    </div>
    <div
      className="terms-and-submit-container"
    >
      <label
        className="form-label"
      >
        Terms and conditions
      </label>
      <textarea
        className="form-control"
        placeholder="terms.."
      />
      <button
        className="btn btn-primary"
        disabled={false}
        type="submit"
      >
        Create auction
      </button>
    </div>
  </form>
</div>
`;
