// Jest Snapshot v1, https://goo.gl/fbAQLP

exports[`renders correctly without bidding option limit 5 1`] = `
<p>
  There are currently no auctions to display
</p>
`;
