// Jest Snapshot v1, https://goo.gl/fbAQLP

exports[`renders correctly the SideBar component with prop dashboard 1`] = `
<div
  className="side-bar-container"
>
  <div
    className="d-grid gap-2"
  >
    <a
      className="sidebar-link"
      href="/dashboard"
      id="dashboard"
      onClick={[Function]}
    >
      <button
        className="sidebar-btn btn btn-primary btn-lg"
        disabled={false}
        type="button"
      >
        Dashboard
      </button>
    </a>
    <a
      className="sidebar-link"
      href="/profile"
      id="profile"
      onClick={[Function]}
    >
      <button
        className="sidebar-btn btn btn-primary btn-lg"
        disabled={false}
        type="button"
      >
        Profile
      </button>
    </a>
    <a
      className="sidebar-link"
      href="/auctions"
      id="auctions"
      onClick={[Function]}
    >
      <button
        className="sidebar-btn btn btn-primary btn-lg"
        disabled={false}
        type="button"
      >
        Auctions
      </button>
    </a>
    <a
      className="sidebar-link"
      href="/bids"
      id="bids"
      onClick={[Function]}
    >
      <button
        className="sidebar-btn btn btn-primary btn-lg"
        disabled={false}
        type="button"
      >
        Bids
      </button>
    </a>
    <div
      className="logout-box"
    >
      <button
        className="logout btn btn-primary btn-lg"
        disabled={false}
        onClick={[Function]}
        type="button"
      >
        Logout
      </button>
    </div>
  </div>
</div>
`;
